Archive member included to satisfy reference by file (symbol)

C:/Users/Jelle J/STM32CubeIDE_1.16.0/STM32CubeIDE/plugins/com.st.stm32cube.ide.mcu.externaltools.gnu-tools-for-stm32.13.3.rel1.win32_1.0.0.202411081344/tools/bin/../lib/gcc/arm-none-eabi/13.3.1/../../../../arm-none-eabi/lib/thumb/v7e-m+fp/hard\libc_nano.a(libc_a-exit.o)
                              C:/Users/Jelle J/STM32CubeIDE_1.16.0/STM32CubeIDE/plugins/com.st.stm32cube.ide.mcu.externaltools.gnu-tools-for-stm32.13.3.rel1.win32_1.0.0.202411081344/tools/bin/../lib/gcc/arm-none-eabi/13.3.1/../../../../arm-none-eabi/lib/thumb/v7e-m+fp/hard/crt0.o (exit)
C:/Users/Jelle J/STM32CubeIDE_1.16.0/STM32CubeIDE/plugins/com.st.stm32cube.ide.mcu.externaltools.gnu-tools-for-stm32.13.3.rel1.win32_1.0.0.202411081344/tools/bin/../lib/gcc/arm-none-eabi/13.3.1/../../../../arm-none-eabi/lib/thumb/v7e-m+fp/hard\libc_nano.a(libc_a-findfp.o)
                              C:/Users/Jelle J/STM32CubeIDE_1.16.0/STM32CubeIDE/plugins/com.st.stm32cube.ide.mcu.externaltools.gnu-tools-for-stm32.13.3.rel1.win32_1.0.0.202411081344/tools/bin/../lib/gcc/arm-none-eabi/13.3.1/../../../../arm-none-eabi/lib/thumb/v7e-m+fp/hard\libc_nano.a(libc_a-exit.o) (__stdio_exit_handler)
C:/Users/Jelle J/STM32CubeIDE_1.16.0/STM32CubeIDE/plugins/com.st.stm32cube.ide.mcu.externaltools.gnu-tools-for-stm32.13.3.rel1.win32_1.0.0.202411081344/tools/bin/../lib/gcc/arm-none-eabi/13.3.1/../../../../arm-none-eabi/lib/thumb/v7e-m+fp/hard\libc_nano.a(libc_a-fwalk.o)
                              C:/Users/Jelle J/STM32CubeIDE_1.16.0/STM32CubeIDE/plugins/com.st.stm32cube.ide.mcu.externaltools.gnu-tools-for-stm32.13.3.rel1.win32_1.0.0.202411081344/tools/bin/../lib/gcc/arm-none-eabi/13.3.1/../../../../arm-none-eabi/lib/thumb/v7e-m+fp/hard\libc_nano.a(libc_a-findfp.o) (_fwalk_sglue)
C:/Users/Jelle J/STM32CubeIDE_1.16.0/STM32CubeIDE/plugins/com.st.stm32cube.ide.mcu.externaltools.gnu-tools-for-stm32.13.3.rel1.win32_1.0.0.202411081344/tools/bin/../lib/gcc/arm-none-eabi/13.3.1/../../../../arm-none-eabi/lib/thumb/v7e-m+fp/hard\libc_nano.a(libc_a-stdio.o)
                              C:/Users/Jelle J/STM32CubeIDE_1.16.0/STM32CubeIDE/plugins/com.st.stm32cube.ide.mcu.externaltools.gnu-tools-for-stm32.13.3.rel1.win32_1.0.0.202411081344/tools/bin/../lib/gcc/arm-none-eabi/13.3.1/../../../../arm-none-eabi/lib/thumb/v7e-m+fp/hard\libc_nano.a(libc_a-findfp.o) (__sread)
C:/Users/Jelle J/STM32CubeIDE_1.16.0/STM32CubeIDE/plugins/com.st.stm32cube.ide.mcu.externaltools.gnu-tools-for-stm32.13.3.rel1.win32_1.0.0.202411081344/tools/bin/../lib/gcc/arm-none-eabi/13.3.1/../../../../arm-none-eabi/lib/thumb/v7e-m+fp/hard\libc_nano.a(libc_a-memset.o)
                              C:/Users/Jelle J/STM32CubeIDE_1.16.0/STM32CubeIDE/plugins/com.st.stm32cube.ide.mcu.externaltools.gnu-tools-for-stm32.13.3.rel1.win32_1.0.0.202411081344/tools/bin/../lib/gcc/arm-none-eabi/13.3.1/../../../../arm-none-eabi/lib/thumb/v7e-m+fp/hard/crt0.o (memset)
C:/Users/Jelle J/STM32CubeIDE_1.16.0/STM32CubeIDE/plugins/com.st.stm32cube.ide.mcu.externaltools.gnu-tools-for-stm32.13.3.rel1.win32_1.0.0.202411081344/tools/bin/../lib/gcc/arm-none-eabi/13.3.1/../../../../arm-none-eabi/lib/thumb/v7e-m+fp/hard\libc_nano.a(libc_a-closer.o)
                              C:/Users/Jelle J/STM32CubeIDE_1.16.0/STM32CubeIDE/plugins/com.st.stm32cube.ide.mcu.externaltools.gnu-tools-for-stm32.13.3.rel1.win32_1.0.0.202411081344/tools/bin/../lib/gcc/arm-none-eabi/13.3.1/../../../../arm-none-eabi/lib/thumb/v7e-m+fp/hard\libc_nano.a(libc_a-stdio.o) (_close_r)
C:/Users/Jelle J/STM32CubeIDE_1.16.0/STM32CubeIDE/plugins/com.st.stm32cube.ide.mcu.externaltools.gnu-tools-for-stm32.13.3.rel1.win32_1.0.0.202411081344/tools/bin/../lib/gcc/arm-none-eabi/13.3.1/../../../../arm-none-eabi/lib/thumb/v7e-m+fp/hard\libc_nano.a(libc_a-reent.o)
                              C:/Users/Jelle J/STM32CubeIDE_1.16.0/STM32CubeIDE/plugins/com.st.stm32cube.ide.mcu.externaltools.gnu-tools-for-stm32.13.3.rel1.win32_1.0.0.202411081344/tools/bin/../lib/gcc/arm-none-eabi/13.3.1/../../../../arm-none-eabi/lib/thumb/v7e-m+fp/hard\libc_nano.a(libc_a-closer.o) (errno)
C:/Users/Jelle J/STM32CubeIDE_1.16.0/STM32CubeIDE/plugins/com.st.stm32cube.ide.mcu.externaltools.gnu-tools-for-stm32.13.3.rel1.win32_1.0.0.202411081344/tools/bin/../lib/gcc/arm-none-eabi/13.3.1/../../../../arm-none-eabi/lib/thumb/v7e-m+fp/hard\libc_nano.a(libc_a-impure.o)
                              C:/Users/Jelle J/STM32CubeIDE_1.16.0/STM32CubeIDE/plugins/com.st.stm32cube.ide.mcu.externaltools.gnu-tools-for-stm32.13.3.rel1.win32_1.0.0.202411081344/tools/bin/../lib/gcc/arm-none-eabi/13.3.1/../../../../arm-none-eabi/lib/thumb/v7e-m+fp/hard\libc_nano.a(libc_a-reent.o) (_impure_ptr)
C:/Users/Jelle J/STM32CubeIDE_1.16.0/STM32CubeIDE/plugins/com.st.stm32cube.ide.mcu.externaltools.gnu-tools-for-stm32.13.3.rel1.win32_1.0.0.202411081344/tools/bin/../lib/gcc/arm-none-eabi/13.3.1/../../../../arm-none-eabi/lib/thumb/v7e-m+fp/hard\libc_nano.a(libc_a-lseekr.o)
[...]
Memory Configuration

Name             Origin             Length             Attributes
CCMRAM           0x10000000         0x00010000         xrw
RAM              0x20000000         0x00020000         xrw
FLASH            0x08000000         0x00100000         xr
*default*        0x00000000         0xffffffff

Linker script and memory map

LOAD C:/Users/Jelle J/STM32CubeIDE_1.16.0/STM32CubeIDE/plugins/com.st.stm32cube.ide.mcu.externaltools.gnu-tools-for-stm32.13.3.rel1.win32_1.0.0.202411081344/tools/bin/../lib/gcc/arm-none-eabi/13.3.1/thumb/v7e-m+fp/hard/crti.o
LOAD C:/Users/Jelle J/STM32CubeIDE_1.16.0/STM32CubeIDE/plugins/com.st.stm32cube.ide.mcu.externaltools.gnu-tools-for-stm32.13.3.rel1.win32_1.0.0.202411081344/tools/bin/../lib/gcc/arm-none-eabi/13.3.1/thumb/v7e-m+fp/hard/crtbegin.o
LOAD C:/Users/Jelle J/STM32CubeIDE_1.16.0/STM32CubeIDE/plugins/com.st.stm32cube.ide.mcu.externaltools.gnu-tools-for-stm32.13.3.rel1.win32_1.0.0.202411081344/tools/bin/../lib/gcc/arm-none-eabi/13.3.1/../../../../arm-none-eabi/lib/thumb/v7e-m+fp/hard/crt0.o
LOAD ./Core/Src/main.o
LOAD ./Core/Src/misc.o
LOAD ./Core/Src/startup_stm32f4xx.o
LOAD ./Core/Src/stm32_ub_vga_screen.o
LOAD ./Core/Src/stm32f4xx_dma.o
LOAD ./Core/Src/stm32f4xx_gpio.o
LOAD ./Core/Src/stm32f4xx_rcc.o
LOAD ./Core/Src/stm32f4xx_tim.o
LOAD ./Core/Src/system_stm32f4xx.o
LOAD ./Core/Startup/startup_stm32f407vgtx.o
LOAD ./Drivers/STM32F4xx_HAL_Driver/Src/stm32f4xx_hal.o
LOAD ./Drivers/STM32F4xx_HAL_Driver/Src/stm32f4xx_hal_cortex.o
LOAD ./Drivers/STM32F4xx_HAL_Driver/Src/stm32f4xx_hal_dma.o
LOAD ./Drivers/STM32F4xx_HAL_Driver/Src/stm32f4xx_hal_dma_ex.o
LOAD ./Drivers/STM32F4xx_HAL_Driver/Src/stm32f4xx_hal_exti.o
LOAD ./Drivers/STM32F4xx_HAL_Driver/Src/stm32f4xx_hal_flash.o
LOAD ./Drivers/STM32F4xx_HAL_Driver/Src/stm32f4xx_hal_flash_ex.o
LOAD ./Drivers/STM32F4xx_HAL_Driver/Src/stm32f4xx_hal_flash_ramfunc.o
LOAD ./Drivers/STM32F4xx_HAL_Driver/Src/stm32f4xx_hal_gpio.o
LOAD ./Drivers/STM32F4xx_HAL_Driver/Src/stm32f4xx_hal_pwr.o
LOAD ./Drivers/STM32F4xx_HAL_Driver/Src/stm32f4xx_hal_pwr_ex.o
LOAD ./Drivers/STM32F4xx_HAL_Driver/Src/stm32f4xx_hal_rcc.o
LOAD ./Drivers/STM32F4xx_HAL_Driver/Src/stm32f4xx_hal_rcc_ex.o
LOAD ./Drivers/STM32F4xx_HAL_Driver/Src/stm32f4xx_hal_tim.o
LOAD ./Drivers/STM32F4xx_HAL_Driver/Src/stm32f4xx_hal_tim_ex.o
START GROUP
LOAD C:/Users/Jelle J/STM32CubeIDE_1.16.0/STM32CubeIDE/plugins/com.st.stm32cube.ide.mcu.externaltools.gnu-tools-for-stm32.13.3.rel1.win32_1.0.0.202411081344/tools/bin/../lib/gcc/arm-none-eabi/13.3.1/../../../../arm-none-eabi/lib/thumb/v7e-m+fp/hard\libc_nano.a
LOAD C:/Users/Jelle J/STM32CubeIDE_1.16.0/STM32CubeIDE/plugins/com.st.stm32cube.ide.mcu.externaltools.gnu-tools-for-stm32.13.3.rel1.win32_1.0.0.202411081344/tools/bin/../lib/gcc/arm-none-eabi/13.3.1/../../../../arm-none-eabi/lib/thumb/v7e-m+fp/hard\libm.a
END GROUP
START GROUP
LOAD C:/Users/Jelle J/STM32CubeIDE_1.16.0/STM32CubeIDE/plugins/com.st.stm32cube.ide.mcu.externaltools.gnu-tools-for-stm32.13.3.rel1.win32_1.0.0.202411081344/tools/bin/../lib/gcc/arm-none-eabi/13.3.1/thumb/v7e-m+fp/hard\libgcc.a
LOAD C:/Users/Jelle J/STM32CubeIDE_1.16.0/STM32CubeIDE/plugins/com.st.stm32cube.ide.mcu.externaltools.gnu-tools-for-stm32.13.3.rel1.win32_1.0.0.202411081344/tools/bin/../lib/gcc/arm-none-eabi/13.3.1/../../../../arm-none-eabi/lib/thumb/v7e-m+fp/hard\libc_nano.a
END GROUP
START GROUP
LOAD C:/Users/Jelle J/STM32CubeIDE_1.16.0/STM32CubeIDE/plugins/com.st.stm32cube.ide.mcu.externaltools.gnu-tools-for-stm32.13.3.rel1.win32_1.0.0.202411081344/tools/bin/../lib/gcc/arm-none-eabi/13.3.1/thumb/v7e-m+fp/hard\libgcc.a
LOAD C:/Users/Jelle J/STM32CubeIDE_1.16.0/STM32CubeIDE/plugins/com.st.stm32cube.ide.mcu.externaltools.gnu-tools-for-stm32.13.3.rel1.win32_1.0.0.202411081344/tools/bin/../lib/gcc/arm-none-eabi/13.3.1/../../../../arm-none-eabi/lib/thumb/v7e-m+fp/hard\libc_nano.a
LOAD C:/Users/Jelle J/STM32CubeIDE_1.16.0/STM32CubeIDE/plugins/com.st.stm32cube.ide.mcu.externaltools.gnu-tools-for-stm32.13.3.rel1.win32_1.0.0.202411081344/tools/bin/../lib/gcc/arm-none-eabi/13.3.1/../../../../arm-none-eabi/lib/thumb/v7e-m+fp/hard\libnosys.a
END GROUP
START GROUP
LOAD C:/Users/Jelle J/STM32CubeIDE_1.16.0/STM32CubeIDE/plugins/com.st.stm32cube.ide.mcu.externaltools.gnu-tools-for-stm32.13.3.rel1.win32_1.0.0.202411081344/tools/bin/../lib/gcc/arm-none-eabi/13.3.1/thumb/v7e-m+fp/hard\libgcc.a
LOAD C:/Users/Jelle J/STM32CubeIDE_1.16.0/STM32CubeIDE/plugins/com.st.stm32cube.ide.mcu.externaltools.gnu-tools-for-stm32.13.3.rel1.win32_1.0.0.202411081344/tools/bin/../lib/gcc/arm-none-eabi/13.3.1/../../../../arm-none-eabi/lib/thumb/v7e-m+fp/hard\libc_nano.a
LOAD C:/Users/Jelle J/STM32CubeIDE_1.16.0/STM32CubeIDE/plugins/com.st.stm32cube.ide.mcu.externaltools.gnu-tools-for-stm32.13.3.rel1.win32_1.0.0.202411081344/tools/bin/../lib/gcc/arm-none-eabi/13.3.1/../../../../arm-none-eabi/lib/thumb/v7e-m+fp/hard\libnosys.a
END GROUP
LOAD C:/Users/Jelle J/STM32CubeIDE_1.16.0/STM32CubeIDE/plugins/com.st.stm32cube.ide.mcu.externaltools.gnu-tools-for-stm32.13.3.rel1.win32_1.0.0.202411081344/tools/bin/../lib/gcc/arm-none-eabi/13.3.1/thumb/v7e-m+fp/hard/crtend.o
LOAD C:/Users/Jelle J/STM32CubeIDE_1.16.0/STM32CubeIDE/plugins/com.st.stm32cube.ide.mcu.externaltools.gnu-tools-for-stm32.13.3.rel1.win32_1.0.0.202411081344/tools/bin/../lib/gcc/arm-none-eabi/13.3.1/thumb/v7e-m+fp/hard/crtn.o
                0x20020000                        _estack = (ORIGIN (RAM) + LENGTH (RAM))
                0x00000200                        _Min_Heap_Size = 0x200
                0x00000400                        _Min_Stack_Size = 0x400

.isr_vector     0x08000000      0x188
                0x08000000                        . = ALIGN (0x4)
 *(.isr_vector)
 .isr_vector    0x08000000      0x188 ./Core/Startup/startup_stm32f407vgtx.o
                0x08000000                g_pfnVectors
                0x08000188                        . = ALIGN (0x4)

.text           0x08000188     0x1278
                0x08000188                        . = ALIGN (0x4)
 *(.text)
 .text          0x08000188       0x40 C:/Users/Jelle J/STM32CubeIDE_1.16.0/STM32CubeIDE/plugins/com.st.stm32cube.ide.mcu.externaltools.gnu-tools-for-stm32.13.3.rel1.win32_1.0.0.202411081344/tools/bin/../lib/gcc/arm-none-eabi/13.3.1/thumb/v7e-m+fp/hard/crtbegin.o
 *(.text*)
 .text.main     0x080001c8       0x16 ./Core/Src/main.o
                0x080001c8                main
 *fill*         0x080001de        0x2 
 .text.NVIC_Init
                0x080001e0       0xc4 ./Core/Src/misc.o
                0x080001e0                NVIC_Init
 .text.UB_VGA_Screen_Init
                0x080002a4       0x80 ./Core/Src/stm32_ub_vga_screen.o
                0x080002a4                UB_VGA_Screen_Init
 .text.UB_VGA_FillScreen
                0x08000324       0x46 ./Core/Src/stm32_ub_vga_screen.o
                0x08000324                UB_VGA_FillScreen
 *fill*         0x0800036a        0x2 
 .text.UB_VGA_SetPixel
                0x0800036c       0x50 ./Core/Src/stm32_ub_vga_screen.o
                0x0800036c                UB_VGA_SetPixel
 .text.P_VGA_InitIO
                0x080003bc       0xa8 ./Core/Src/stm32_ub_vga_screen.o
                0x080003bc                P_VGA_InitIO
 .text.P_VGA_InitTIM
                0x08000464       0xc8 ./Core/Src/stm32_ub_vga_screen.o
                0x08000464                P_VGA_InitTIM
 .text.P_VGA_InitINT
                0x0800052c       0x58 ./Core/Src/stm32_ub_vga_screen.o
                0x0800052c                P_VGA_InitINT
 .text.P_VGA_InitDMA
                0x08000584       0x90 ./Core/Src/stm32_ub_vga_screen.o
                0x08000584                P_VGA_InitDMA
 .text.TIM2_IRQHandler
                0x08000614       0xbc ./Core/Src/stm32_ub_vga_screen.o
                0x08000614                TIM2_IRQHandler
 .text.DMA2_Stream5_IRQHandler
                0x080006d0       0x4c ./Core/Src/stm32_ub_vga_screen.o
                0x080006d0                DMA2_Stream5_IRQHandler
 .text.DMA_DeInit
                0x0800071c      0x1a8 ./Core/Src/stm32f4xx_dma.o
                0x0800071c                DMA_DeInit
 .text.DMA_Init
                0x080008c4       0xb0 ./Core/Src/stm32f4xx_dma.o
                0x080008c4                DMA_Init
 .text.DMA_Cmd  0x08000974       0x38 ./Core/Src/stm32f4xx_dma.o
                0x08000974                DMA_Cmd
 .text.DMA_ITConfig
                0x080009ac       0x74 ./Core/Src/stm32f4xx_dma.o
                0x080009ac                DMA_ITConfig
 .text.DMA_GetITStatus
                0x08000a20       0xb0 ./Core/Src/stm32f4xx_dma.o
                0x08000a20                DMA_GetITStatus
 .text.DMA_ClearITPendingBit
                0x08000ad0       0x5c ./Core/Src/stm32f4xx_dma.o
                0x08000ad0                DMA_ClearITPendingBit
 .text.GPIO_Init
                0x08000b2c      0x11e ./Core/Src/stm32f4xx_gpio.o
                0x08000b2c                GPIO_Init
 .text.GPIO_PinAFConfig
                0x08000c4a       0x92 ./Core/Src/stm32f4xx_gpio.o
                0x08000c4a                GPIO_PinAFConfig
 .text.RCC_AHB1PeriphClockCmd
                0x08000cdc       0x40 ./Core/Src/stm32f4xx_rcc.o
                0x08000cdc                RCC_AHB1PeriphClockCmd
 .text.RCC_APB1PeriphClockCmd
                0x08000d1c       0x40 ./Core/Src/stm32f4xx_rcc.o
                0x08000d1c                RCC_APB1PeriphClockCmd
 .text.RCC_APB2PeriphClockCmd
                0x08000d5c       0x40 ./Core/Src/stm32f4xx_rcc.o
                0x08000d5c                RCC_APB2PeriphClockCmd
 .text.TIM_TimeBaseInit
                0x08000d9c       0xd8 ./Core/Src/stm32f4xx_tim.o
                0x08000d9c                TIM_TimeBaseInit
 .text.TIM_ARRPreloadConfig
                0x08000e74       0x40 ./Core/Src/stm32f4xx_tim.o
                0x08000e74                TIM_ARRPreloadConfig
 .text.TIM_Cmd  0x08000eb4       0x40 ./Core/Src/stm32f4xx_tim.o
                0x08000eb4                TIM_Cmd
 .text.TIM_OC3Init
                0x08000ef4      0x10c ./Core/Src/stm32f4xx_tim.o
                0x08000ef4                TIM_OC3Init
 .text.TIM_OC4Init
                0x08001000       0xd0 ./Core/Src/stm32f4xx_tim.o
                0x08001000                TIM_OC4Init
 .text.TIM_OC3PreloadConfig
                0x080010d0       0x38 ./Core/Src/stm32f4xx_tim.o
                0x080010d0                TIM_OC3PreloadConfig
 .text.TIM_OC4PreloadConfig
                0x08001108       0x3c ./Core/Src/stm32f4xx_tim.o
                0x08001108                TIM_OC4PreloadConfig
 .text.TIM_ITConfig
                0x08001144       0x48 ./Core/Src/stm32f4xx_tim.o
                0x08001144                TIM_ITConfig
 .text.TIM_ClearITPendingBit
                0x0800118c       0x22 ./Core/Src/stm32f4xx_tim.o
                0x0800118c                TIM_ClearITPendingBit
 .text.TIM_DMACmd
                0x080011ae       0x48 ./Core/Src/stm32f4xx_tim.o
                0x080011ae                TIM_DMACmd
 *fill*         0x080011f6        0x2 
 .text.SystemInit
                0x080011f8       0x5c ./Core/Src/system_stm32f4xx.o
                0x080011f8                SystemInit
 .text.SetSysClock
                0x08001254       0xf8 ./Core/Src/system_stm32f4xx.o
 .text.Reset_Handler
                0x0800134c       0x50 ./Core/Startup/startup_stm32f407vgtx.o
                0x0800134c                Reset_Handler
 .text.Default_Handler
                0x0800139c        0x2 ./Core/Startup/startup_stm32f407vgtx.o
                0x0800139c                RTC_Alarm_IRQHandler
                0x0800139c                HASH_RNG_IRQHandler
                0x0800139c                EXTI2_IRQHandler
                0x0800139c                TIM8_CC_IRQHandler
                0x0800139c                DebugMon_Handler
                0x0800139c                TIM1_CC_IRQHandler
                0x0800139c                HardFault_Handler
                0x0800139c                DMA1_Stream5_IRQHandler
                0x0800139c                SysTick_Handler
                0x0800139c                PVD_IRQHandler
                0x0800139c                SDIO_IRQHandler
                0x0800139c                TAMP_STAMP_IRQHandler
                0x0800139c                PendSV_Handler
                0x0800139c                NMI_Handler
                0x0800139c                CAN2_RX1_IRQHandler
                0x0800139c                EXTI3_IRQHandler
                0x0800139c                TIM8_TRG_COM_TIM14_IRQHandler
                0x0800139c                TIM1_UP_TIM10_IRQHandler
                0x0800139c                TIM8_UP_TIM13_IRQHandler
                0x0800139c                I2C3_ER_IRQHandler
                0x0800139c                EXTI0_IRQHandler
                0x0800139c                I2C2_EV_IRQHandler
                0x0800139c                DMA1_Stream2_IRQHandler
                0x0800139c                CAN1_RX0_IRQHandler
                0x0800139c                FPU_IRQHandler
                0x0800139c                OTG_HS_WKUP_IRQHandler
                0x0800139c                UsageFault_Handler
                0x0800139c                CAN2_SCE_IRQHandler
                0x0800139c                DMA2_Stream2_IRQHandler
                0x0800139c                SPI1_IRQHandler
                0x0800139c                TIM6_DAC_IRQHandler
                0x0800139c                TIM1_BRK_TIM9_IRQHandler
                0x0800139c                DCMI_IRQHandler
                0x0800139c                CAN2_RX0_IRQHandler
                0x0800139c                DMA2_Stream3_IRQHandler
                0x0800139c                USART6_IRQHandler
                0x0800139c                USART3_IRQHandler
                0x0800139c                CAN1_RX1_IRQHandler
                0x0800139c                UART5_IRQHandler
                0x0800139c                DMA2_Stream0_IRQHandler
                0x0800139c                TIM4_IRQHandler
                0x0800139c                I2C1_EV_IRQHandler
                0x0800139c                DMA1_Stream6_IRQHandler
                0x0800139c                DMA1_Stream1_IRQHandler
                0x0800139c                UART4_IRQHandler
                0x0800139c                TIM3_IRQHandler
                0x0800139c                RCC_IRQHandler
                0x0800139c                TIM8_BRK_TIM12_IRQHandler
                0x0800139c                Default_Handler
                0x0800139c                EXTI15_10_IRQHandler
                0x0800139c                ADC_IRQHandler
                0x0800139c                DMA1_Stream7_IRQHandler
                0x0800139c                TIM7_IRQHandler
                0x0800139c                CAN2_TX_IRQHandler
                0x0800139c                TIM5_IRQHandler
                0x0800139c                DMA2_Stream7_IRQHandler
                0x0800139c                I2C3_EV_IRQHandler
                0x0800139c                EXTI9_5_IRQHandler
                0x0800139c                RTC_WKUP_IRQHandler
                0x0800139c                ETH_WKUP_IRQHandler
                0x0800139c                SPI2_IRQHandler
                0x0800139c                OTG_HS_EP1_IN_IRQHandler
                0x0800139c                MemManage_Handler
                0x0800139c                DMA1_Stream0_IRQHandler
                0x0800139c                CAN1_TX_IRQHandler
                0x0800139c                SVC_Handler
                0x0800139c                EXTI4_IRQHandler
                0x0800139c                FSMC_IRQHandler
                0x0800139c                ETH_IRQHandler
                0x0800139c                OTG_HS_EP1_OUT_IRQHandler
                0x0800139c                WWDG_IRQHandler
                0x0800139c                OTG_FS_WKUP_IRQHandler
                0x0800139c                TIM1_TRG_COM_TIM11_IRQHandler
                0x0800139c                OTG_HS_IRQHandler
                0x0800139c                EXTI1_IRQHandler
                0x0800139c                USART2_IRQHandler
                0x0800139c                I2C2_ER_IRQHandler
                0x0800139c                DMA2_Stream1_IRQHandler
                0x0800139c                CAN1_SCE_IRQHandler
                0x0800139c                FLASH_IRQHandler
                0x0800139c                DMA2_Stream4_IRQHandler
                0x0800139c                BusFault_Handler
                0x0800139c                USART1_IRQHandler
                0x0800139c                OTG_FS_IRQHandler
                0x0800139c                SPI3_IRQHandler
                0x0800139c                DMA1_Stream4_IRQHandler
                0x0800139c                I2C1_ER_IRQHandler
                0x0800139c                DMA2_Stream6_IRQHandler
                0x0800139c                DMA1_Stream3_IRQHandler
 *fill*         0x0800139e        0x2 
 .text.__libc_init_array
                0x080013a0       0x48 C:/Users/Jelle J/STM32CubeIDE_1.16.0/STM32CubeIDE/plugins/com.st.stm32cube.ide.mcu.externaltools.gnu-tools-for-stm32.13.3.rel1.win32_1.0.0.202411081344/tools/bin/../lib/gcc/arm-none-eabi/13.3.1/../../../../arm-none-eabi/lib/thumb/v7e-m+fp/hard\libc_nano.a(libc_a-init.o)
                0x080013a0                __libc_init_array
 *(.glue_7)
 .glue_7        0x080013e8        0x0 linker stubs
 *(.glue_7t)
 .glue_7t       0x080013e8        0x0 linker stubs
 *(.eh_frame)
 .eh_frame      0x080013e8        0x0 C:/Users/Jelle J/STM32CubeIDE_1.16.0/STM32CubeIDE/plugins/com.st.stm32cube.ide.mcu.externaltools.gnu-tools-for-stm32.13.3.rel1.win32_1.0.0.202411081344/tools/bin/../lib/gcc/arm-none-eabi/13.3.1/thumb/v7e-m+fp/hard/crtbegin.o
 *(.init)
 .init          0x080013e8        0x4 C:/Users/Jelle J/STM32CubeIDE_1.16.0/STM32CubeIDE/plugins/com.st.stm32cube.ide.mcu.externaltools.gnu-tools-for-stm32.13.3.rel1.win32_1.0.0.202411081344/tools/bin/../lib/gcc/arm-none-eabi/13.3.1/thumb/v7e-m+fp/hard/crti.o
                0x080013e8                _init
 .init          0x080013ec        0x8 C:/Users/Jelle J/STM32CubeIDE_1.16.0/STM32CubeIDE/plugins/com.st.stm32cube.ide.mcu.externaltools.gnu-tools-for-stm32.13.3.rel1.win32_1.0.0.202411081344/tools/bin/../lib/gcc/arm-none-eabi/13.3.1/thumb/v7e-m+fp/hard/crtn.o
 *(.fini)
 .fini          0x080013f4        0x4 C:/Users/Jelle J/STM32CubeIDE_1.16.0/STM32CubeIDE/plugins/com.st.stm32cube.ide.mcu.externaltools.gnu-tools-for-stm32.13.3.rel1.win32_1.0.0.202411081344/tools/bin/../lib/gcc/arm-none-eabi/13.3.1/thumb/v7e-m+fp/hard/crti.o
                0x080013f4                _fini
 .fini          0x080013f8        0x8 C:/Users/Jelle J/STM32CubeIDE_1.16.0/STM32CubeIDE/plugins/com.st.stm32cube.ide.mcu.externaltools.gnu-tools-for-stm32.13.3.rel1.win32_1.0.0.202411081344/tools/bin/../lib/gcc/arm-none-eabi/13.3.1/thumb/v7e-m+fp/hard/crtn.o
                0x08001400                        . = ALIGN (0x4)
                0x08001400                        _etext = .

.vfp11_veneer   0x08001400        0x0
 .vfp11_veneer  0x08001400        0x0 linker stubs

.v4_bx          0x08001400        0x0
 .v4_bx         0x08001400        0x0 linker stubs

.iplt           0x08001400        0x0
 .iplt          0x08001400        0x0 C:/Users/Jelle J/STM32CubeIDE_1.16.0/STM32CubeIDE/plugins/com.st.stm32cube.ide.mcu.externaltools.gnu-tools-for-stm32.13.3.rel1.win32_1.0.0.202411081344/tools/bin/../lib/gcc/arm-none-eabi/13.3.1/thumb/v7e-m+fp/hard/crtbegin.o

.rel.dyn        0x08001400        0x0
 .rel.iplt      0x08001400        0x0 C:/Users/Jelle J/STM32CubeIDE_1.16.0/STM32CubeIDE/plugins/com.st.stm32cube.ide.mcu.externaltools.gnu-tools-for-stm32.13.3.rel1.win32_1.0.0.202411081344/tools/bin/../lib/gcc/arm-none-eabi/13.3.1/thumb/v7e-m+fp/hard/crtbegin.o

.rodata         0x08001400        0x0
                0x08001400                        . = ALIGN (0x4)
 *(.rodata)
 *(.rodata*)
                0x08001400                        . = ALIGN (0x4)

.ARM.extab      0x08001400        0x0
                0x08001400                        . = ALIGN (0x4)
 *(.ARM.extab* .gnu.linkonce.armextab.*)
                0x08001400                        . = ALIGN (0x4)

.ARM            0x08001400        0x0
                0x08001400                        . = ALIGN (0x4)
                0x08001400                        __exidx_start = .
 *(.ARM.exidx*)
                0x08001400                        __exidx_end = .
                0x08001400                        . = ALIGN (0x4)

.preinit_array  0x08001400        0x0
                0x08001400                        . = ALIGN (0x4)
                0x08001400                        PROVIDE (__preinit_array_start = .)
 *(.preinit_array*)
                0x08001400                        PROVIDE (__preinit_array_end = .)
                0x08001400                        . = ALIGN (0x4)

.init_array     0x08001400        0x4
                0x08001400                        . = ALIGN (0x4)
                0x08001400                        PROVIDE (__init_array_start = .)
 *(SORT_BY_NAME(.init_array.*))
 *(.init_array*)
 .init_array    0x08001400        0x4 C:/Users/Jelle J/STM32CubeIDE_1.16.0/STM32CubeIDE/plugins/com.st.stm32cube.ide.mcu.externaltools.gnu-tools-for-stm32.13.3.rel1.win32_1.0.0.202411081344/tools/bin/../lib/gcc/arm-none-eabi/13.3.1/thumb/v7e-m+fp/hard/crtbegin.o
                0x08001404                        PROVIDE (__init_array_end = .)
                0x08001404                        . = ALIGN (0x4)

.fini_array     0x08001404        0x4
                0x08001404                        . = ALIGN (0x4)
                [!provide]                        PROVIDE (__fini_array_start = .)
 *(SORT_BY_NAME(.fini_array.*))
 *(.fini_array*)
 .fini_array    0x08001404        0x4 C:/Users/Jelle J/STM32CubeIDE_1.16.0/STM32CubeIDE/plugins/com.st.stm32cube.ide.mcu.externaltools.gnu-tools-for-stm32.13.3.rel1.win32_1.0.0.202411081344/tools/bin/../lib/gcc/arm-none-eabi/13.3.1/thumb/v7e-m+fp/hard/crtbegin.o
                [!provide]                        PROVIDE (__fini_array_end = .)
                0x08001408                        . = ALIGN (0x4)
                0x08001408                        _sidata = LOADADDR (.data)

.data           0x20000000        0x0 load address 0x08001408
                0x20000000                        . = ALIGN (0x4)
                0x20000000                        _sdata = .
 *(.data)
 *(.data*)
                0x20000000                        . = ALIGN (0x4)
                0x20000000                        _edata = .

.igot.plt       0x20000000        0x0 load address 0x08001408
 .igot.plt      0x20000000        0x0 C:/Users/Jelle J/STM32CubeIDE_1.16.0/STM32CubeIDE/plugins/com.st.stm32cube.ide.mcu.externaltools.gnu-tools-for-stm32.13.3.rel1.win32_1.0.0.202411081344/tools/bin/../lib/gcc/arm-none-eabi/13.3.1/thumb/v7e-m+fp/hard/crtbegin.o
                0x20000000                        . = ALIGN (0x4)

.bss            0x20000000    0x12d18 load address 0x08001408
                0x20000000                        _sbss = .
                0x20000000                        __bss_start__ = _sbss
 *(.bss)
 .bss           0x20000000       0x1c C:/Users/Jelle J/STM32CubeIDE_1.16.0/STM32CubeIDE/plugins/com.st.stm32cube.ide.mcu.externaltools.gnu-tools-for-stm32.13.3.rel1.win32_1.0.0.202411081344/tools/bin/../lib/gcc/arm-none-eabi/13.3.1/thumb/v7e-m+fp/hard/crtbegin.o
 *(.bss*)
 .bss.VGA       0x2000001c        0xc ./Core/Src/stm32_ub_vga_screen.o
                0x2000001c                VGA
 .bss.VGA_RAM1  0x20000028    0x12cf0 ./Core/Src/stm32_ub_vga_screen.o
                0x20000028                VGA_RAM1
 *(COMMON)
                0x20012d18                        . = ALIGN (0x4)
                0x20012d18                        _ebss = .
                0x20012d18                        __bss_end__ = _ebss

._user_heap_stack
                0x20012d18      0x600 load address 0x08001408
                0x20012d18                        . = ALIGN (0x8)
                0x20012d18                        PROVIDE (end = .)
                [!provide]                        PROVIDE (_end = .)
                0x20012f18                        . = (. + _Min_Heap_Size)
 *fill*         0x20012d18      0x200 
                0x20013318                        . = (. + _Min_Stack_Size)
 *fill*         0x20012f18      0x400 
                0x20013318                        . = ALIGN (0x8)

/DISCARD/
 libc.a(*)
 libm.a(*)
 libgcc.a(*)

.ARM.attributes
                0x00000000       0x30
 *(.ARM.attributes)
 .ARM.attributes
                0x00000000       0x22 C:/Users/Jelle J/STM32CubeIDE_1.16.0/STM32CubeIDE/plugins/com.st.stm32cube.ide.mcu.externaltools.gnu-tools-for-stm32.13.3.rel1.win32_1.0.0.202411081344/tools/bin/../lib/gcc/arm-none-eabi/13.3.1/thumb/v7e-m+fp/hard/crti.o
 .ARM.attributes
                0x00000022       0x34 C:/Users/Jelle J/STM32CubeIDE_1.16.0/STM32CubeIDE/plugins/com.st.stm32cube.ide.mcu.externaltools.gnu-tools-for-stm32.13.3.rel1.win32_1.0.0.202411081344/tools/bin/../lib/gcc/arm-none-eabi/13.3.1/thumb/v7e-m+fp/hard/crtbegin.o
 .ARM.attributes
                0x00000056       0x34 ./Core/Src/main.o
 .ARM.attributes
                0x0000008a       0x34 ./Core/Src/misc.o
 .ARM.attributes
                0x000000be       0x34 ./Core/Src/stm32_ub_vga_screen.o
 .ARM.attributes
                0x000000f2       0x34 ./Core/Src/stm32f4xx_dma.o
 .ARM.attributes
                0x00000126       0x34 ./Core/Src/stm32f4xx_gpio.o
 .ARM.attributes
                0x0000015a       0x34 ./Core/Src/stm32f4xx_rcc.o
 .ARM.attributes
                0x0000018e       0x34 ./Core/Src/stm32f4xx_tim.o
 .ARM.attributes
                0x000001c2       0x34 ./Core/Src/system_stm32f4xx.o
 .ARM.attributes
                0x000001f6       0x21 ./Core/Startup/startup_stm32f407vgtx.o
 .ARM.attributes
                0x00000217       0x34 C:/Users/Jelle J/STM32CubeIDE_1.16.0/STM32CubeIDE/plugins/com.st.stm32cube.ide.mcu.externaltools.gnu-tools-for-stm32.13.3.rel1.win32_1.0.0.202411081344/tools/bin/../lib/gcc/arm-none-eabi/13.3.1/../../../../arm-none-eabi/lib/thumb/v7e-m+fp/hard\libc_nano.a(libc_a-init.o)
 .ARM.attributes
                0x0000024b       0x22 C:/Users/Jelle J/STM32CubeIDE_1.16.0/STM32CubeIDE/plugins/com.st.stm32cube.ide.mcu.externaltools.gnu-tools-for-stm32.13.3.rel1.win32_1.0.0.202411081344/tools/bin/../lib/gcc/arm-none-eabi/13.3.1/thumb/v7e-m+fp/hard/crtn.o
OUTPUT(VGA.elf elf32-littlearm)
LOAD linker stubs
LOAD C:/Users/Jelle J/STM32CubeIDE_1.16.0/STM32CubeIDE/plugins/com.st.stm32cube.ide.mcu.externaltools.gnu-tools-for-stm32.13.3.rel1.win32_1.0.0.202411081344/tools/bin/../lib/gcc/arm-none-eabi/13.3.1/../../../../arm-none-eabi/lib/thumb/v7e-m+fp/hard\libc.a
LOAD C:/Users/Jelle J/STM32CubeIDE_1.16.0/STM32CubeIDE/plugins/com.st.stm32cube.ide.mcu.externaltools.gnu-tools-for-stm32.13.3.rel1.win32_1.0.0.202411081344/tools/bin/../lib/gcc/arm-none-eabi/13.3.1/../../../../arm-none-eabi/lib/thumb/v7e-m+fp/hard\libm.a
LOAD C:/Users/Jelle J/STM32CubeIDE_1.16.0/STM32CubeIDE/plugins/com.st.stm32cube.ide.mcu.externaltools.gnu-tools-for-stm32.13.3.rel1.win32_1.0.0.202411081344/tools/bin/../lib/gcc/arm-none-eabi/13.3.1/thumb/v7e-m+fp/hard\libgcc.a

.debug_info     0x00000000     0x4db7
 .debug_info    0x00000000       0xdd ./Core/Src/main.o
 .debug_info    0x000000dd      0x4fa ./Core/Src/misc.o
 .debug_info    0x000005d7      0xd0c ./Core/Src/stm32_ub_vga_screen.o
 .debug_info    0x000012e3      0x6f3 ./Core/Src/stm32f4xx_dma.o
 .debug_info    0x000019d6      0x60c ./Core/Src/stm32f4xx_gpio.o
 .debug_info    0x00001fe2      0xbff ./Core/Src/stm32f4xx_rcc.o
 .debug_info    0x00002be1     0x1bf5 ./Core/Src/stm32f4xx_tim.o
 .debug_info    0x000047d6      0x5b1 ./Core/Src/system_stm32f4xx.o
 .debug_info    0x00004d87       0x30 ./Core/Startup/startup_stm32f407vgtx.o

.debug_abbrev   0x00000000      0xd5e
 .debug_abbrev  0x00000000       0x85 ./Core/Src/main.o
 .debug_abbrev  0x00000085      0x17f ./Core/Src/misc.o
 .debug_abbrev  0x00000204      0x28c ./Core/Src/stm32_ub_vga_screen.o
 .debug_abbrev  0x00000490      0x178 ./Core/Src/stm32f4xx_dma.o
 .debug_abbrev  0x00000608      0x1ee ./Core/Src/stm32f4xx_gpio.o
 .debug_abbrev  0x000007f6      0x20d ./Core/Src/stm32f4xx_rcc.o
 .debug_abbrev  0x00000a03      0x1ce ./Core/Src/stm32f4xx_tim.o
 .debug_abbrev  0x00000bd1      0x169 ./Core/Src/system_stm32f4xx.o
 .debug_abbrev  0x00000d3a       0x24 ./Core/Startup/startup_stm32f407vgtx.o

.debug_aranges  0x00000000      0x6c0
 .debug_aranges
                0x00000000       0x20 ./Core/Src/main.o
 .debug_aranges
                0x00000020       0x40 ./Core/Src/misc.o
 .debug_aranges
                0x00000060       0x60 ./Core/Src/stm32_ub_vga_screen.o
 .debug_aranges
                0x000000c0       0xb0 ./Core/Src/stm32f4xx_dma.o
 .debug_aranges
                0x00000170       0x88 ./Core/Src/stm32f4xx_gpio.o
 .debug_aranges
                0x000001f8      0x178 ./Core/Src/stm32f4xx_rcc.o
 .debug_aranges
                0x00000370      0x2f8 ./Core/Src/stm32f4xx_tim.o
 .debug_aranges
                0x00000668       0x30 ./Core/Src/system_stm32f4xx.o
 .debug_aranges
                0x00000698       0x28 ./Core/Startup/startup_stm32f407vgtx.o

.debug_rnglists
                0x00000000      0x500
 .debug_rnglists
                0x00000000       0x13 ./Core/Src/main.o
 .debug_rnglists
                0x00000013       0x2c ./Core/Src/misc.o
 .debug_rnglists
                0x0000003f       0x48 ./Core/Src/stm32_ub_vga_screen.o
 .debug_rnglists
                0x00000087       0x82 ./Core/Src/stm32f4xx_dma.o
 .debug_rnglists
                0x00000109       0x64 ./Core/Src/stm32f4xx_gpio.o
 .debug_rnglists
                0x0000016d      0x116 ./Core/Src/stm32f4xx_rcc.o
 .debug_rnglists
                0x00000283      0x243 ./Core/Src/stm32f4xx_tim.o
 .debug_rnglists
                0x000004c6       0x21 ./Core/Src/system_stm32f4xx.o
 .debug_rnglists
                0x000004e7       0x19 ./Core/Startup/startup_stm32f407vgtx.o

.debug_macro    0x00000000     0xd4d3
 .debug_macro   0x00000000      0x1a1 ./Core/Src/main.o
 .debug_macro   0x000001a1      0xad8 ./Core/Src/main.o
 .debug_macro   0x00000c79       0x63 ./Core/Src/main.o
 .debug_macro   0x00000cdc       0x35 ./Core/Src/main.o
 .debug_macro   0x00000d11       0x22 ./Core/Src/main.o
 .debug_macro   0x00000d33       0x8e ./Core/Src/main.o
 .debug_macro   0x00000dc1       0x51 ./Core/Src/main.o
 .debug_macro   0x00000e12      0x103 ./Core/Src/main.o
 .debug_macro   0x00000f15       0x6a ./Core/Src/main.o
 .debug_macro   0x00000f7f      0x1df ./Core/Src/main.o
 .debug_macro   0x0000115e       0x18 ./Core/Src/main.o
 .debug_macro   0x00001176       0x42 ./Core/Src/main.o
 .debug_macro   0x000011b8      0x8cb ./Core/Src/main.o
 .debug_macro   0x00001a83     0x8088 ./Core/Src/main.o
 .debug_macro   0x00009b0b      0x265 ./Core/Src/main.o
 .debug_macro   0x00009d70      0x538 ./Core/Src/main.o
 .debug_macro   0x0000a2a8      0x73b ./Core/Src/main.o
 .debug_macro   0x0000a9e3       0x7f ./Core/Src/main.o
 .debug_macro   0x0000aa62      0x477 ./Core/Src/main.o
 .debug_macro   0x0000aed9       0xa7 ./Core/Src/main.o
 .debug_macro   0x0000af80       0x61 ./Core/Src/main.o
 .debug_macro   0x0000afe1       0x2a ./Core/Src/main.o
 .debug_macro   0x0000b00b       0x43 ./Core/Src/main.o
 .debug_macro   0x0000b04e       0x34 ./Core/Src/main.o
 .debug_macro   0x0000b082      0x190 ./Core/Src/main.o
 .debug_macro   0x0000b212      0x370 ./Core/Src/main.o
 .debug_macro   0x0000b582       0x16 ./Core/Src/main.o
 .debug_macro   0x0000b598       0x4a ./Core/Src/main.o
 .debug_macro   0x0000b5e2       0x34 ./Core/Src/main.o
 .debug_macro   0x0000b616       0x10 ./Core/Src/main.o
 .debug_macro   0x0000b626       0x58 ./Core/Src/main.o
 .debug_macro   0x0000b67e       0x8e ./Core/Src/main.o
 .debug_macro   0x0000b70c       0x1c ./Core/Src/main.o
 .debug_macro   0x0000b728      0x185 ./Core/Src/main.o
 .debug_macro   0x0000b8ad      0x19b ./Core/Src/main.o
 .debug_macro   0x0000ba48       0xc9 ./Core/Src/misc.o
 .debug_macro   0x0000bb11       0x79 ./Core/Src/misc.o
 .debug_macro   0x0000bb8a       0x10 ./Core/Src/misc.o
 .debug_macro   0x0000bb9a       0xe7 ./Core/Src/stm32_ub_vga_screen.o
 .debug_macro   0x0000bc81      0x120 ./Core/Src/stm32f4xx_dma.o
 .debug_macro   0x0000bda1      0x471 ./Core/Src/stm32f4xx_dma.o
 .debug_macro   0x0000c212       0xcc ./Core/Src/stm32f4xx_gpio.o
 .debug_macro   0x0000c2de      0x25f ./Core/Src/stm32f4xx_gpio.o
 .debug_macro   0x0000c53d      0x16b ./Core/Src/stm32f4xx_rcc.o
 .debug_macro   0x0000c6a8      0x532 ./Core/Src/stm32f4xx_rcc.o
 .debug_macro   0x0000cbda       0xf6 ./Core/Src/stm32f4xx_tim.o
 .debug_macro   0x0000ccd0      0x735 ./Core/Src/stm32f4xx_tim.o
 .debug_macro   0x0000d405       0xce ./Core/Src/system_stm32f4xx.o

.debug_line     0x00000000     0x4cfa
 .debug_line    0x00000000      0x732 ./Core/Src/main.o
 .debug_line    0x00000732      0x5a1 ./Core/Src/misc.o
 .debug_line    0x00000cd3      0x7aa ./Core/Src/stm32_ub_vga_screen.o
 .debug_line    0x0000147d      0x95a ./Core/Src/stm32f4xx_dma.o
 .debug_line    0x00001dd7      0x7b3 ./Core/Src/stm32f4xx_gpio.o
 .debug_line    0x0000258a      0xc6c ./Core/Src/stm32f4xx_rcc.o
 .debug_line    0x000031f6     0x1488 ./Core/Src/stm32f4xx_tim.o
 .debug_line    0x0000467e      0x605 ./Core/Src/system_stm32f4xx.o
 .debug_line    0x00004c83       0x77 ./Core/Startup/startup_stm32f407vgtx.o

.debug_str      0x00000000    0x46c32
 .debug_str     0x00000000    0x46c32 ./Core/Src/main.o
                              0x4439b (size before relaxing)
 .debug_str     0x00046c32    0x350a1 ./Core/Src/misc.o
 .debug_str     0x00046c32    0x41316 ./Core/Src/stm32_ub_vga_screen.o
 .debug_str     0x00046c32    0x3ab48 ./Core/Src/stm32f4xx_dma.o
 .debug_str     0x00046c32    0x38fc2 ./Core/Src/stm32f4xx_gpio.o
 .debug_str     0x00046c32    0x3839b ./Core/Src/stm32f4xx_rcc.o
 .debug_str     0x00046c32    0x3cb33 ./Core/Src/stm32f4xx_tim.o
 .debug_str     0x00046c32    0x34bc6 ./Core/Src/system_stm32f4xx.o
 .debug_str     0x00046c32       0x74 ./Core/Startup/startup_stm32f407vgtx.o

.comment        0x00000000       0x43
 .comment       0x00000000       0x43 ./Core/Src/main.o
                                 0x44 (size before relaxing)
 .comment       0x00000043       0x44 ./Core/Src/misc.o
 .comment       0x00000043       0x44 ./Core/Src/stm32_ub_vga_screen.o
 .comment       0x00000043       0x44 ./Core/Src/stm32f4xx_dma.o
 .comment       0x00000043       0x44 ./Core/Src/stm32f4xx_gpio.o
 .comment       0x00000043       0x44 ./Core/Src/stm32f4xx_rcc.o
 .comment       0x00000043       0x44 ./Core/Src/stm32f4xx_tim.o
 .comment       0x00000043       0x44 ./Core/Src/system_stm32f4xx.o

.debug_frame    0x00000000     0x1d60
 .debug_frame   0x00000000       0x2c ./Core/Src/main.o
 .debug_frame   0x0000002c       0xd8 ./Core/Src/misc.o
 .debug_frame   0x00000104      0x148 ./Core/Src/stm32_ub_vga_screen.o
 .debug_frame   0x0000024c      0x308 ./Core/Src/stm32f4xx_dma.o
 .debug_frame   0x00000554      0x23c ./Core/Src/stm32f4xx_gpio.o
 .debug_frame   0x00000790      0x6d4 ./Core/Src/stm32f4xx_rcc.o
 .debug_frame   0x00000e64      0xe54 ./Core/Src/stm32f4xx_tim.o
 .debug_frame   0x00001cb8       0x7c ./Core/Src/system_stm32f4xx.o
 .debug_frame   0x00001d34       0x2c C:/Users/Jelle J/STM32CubeIDE_1.16.0/STM32CubeIDE/plugins/com.st.stm32cube.ide.mcu.externaltools.gnu-tools-for-stm32.13.3.rel1.win32_1.0.0.202411081344/tools/bin/../lib/gcc/arm-none-eabi/13.3.1/../../../../arm-none-eabi/lib/thumb/v7e-m+fp/hard\libc_nano.a(libc_a-init.o)

.debug_line_str
                0x00000000       0x58
 .debug_line_str
                0x00000000       0x58 ./Core/Startup/startup_stm32f407vgtx.o
